[backblue.gif]
[fade.gif]
[index.html]
[wp-includes/js/jquery/jqueryb8ff.js]
[wp-includes/js/jquery/jquery-migrate.min330a.js]
[wp-json/index.html]
[wp-includes/wlwmanifest.xml]
[wp-content/uploads/2018/05/12185634/VIOLET.png]
[wp-content/uploads/2018/05/12185634/Maison-des-métallos.png]
[wp-content/uploads/2018/05/12185635/Audiens.png]
[wp-content/uploads/2018/05/12185635/DILRAH.png]
[wp-content/uploads/2018/05/12185636/ELAN-EDELMAN.png]
[wp-content/uploads/2018/05/12185638/LINK.png]
[wp-content/uploads/2018/05/12185635/Accenture.png]
[wp-content/uploads/2018/05/12185636/Facebook.png]
[wp-content/uploads/2018/05/12185637/HORNET.png]
[wp-content/uploads/2018/05/12185637/INA.png]
[wp-content/uploads/2018/05/12185638/Twitter.png]
[wp-content/uploads/2018/05/12185634/15aine-des-fietes.png]
[wp-content/uploads/2018/05/12185636/France-Television.png]
[wp-content/uploads/2018/05/12185638/Radio-France.png]
[wp-content/uploads/2018/05/12185637/Libé.png]
[wp-content/uploads/2018/05/22122312/TFI_Initiatives_logo_CMJN.jpg]
[wp-content/uploads/2018/05/25081628/Komitid_logo_complet_HD.jpg]
[wp-content/themes/outdor/dist/scripts/main_2b479b92.js]
[wp-includes/js/wp-embed.min1845.js]
[index-2.html]
[wp-content/plugins/justified-gallery/includes/Lightbox/Swipebox/assets/js/jquery.swipebox.mine7f0.js]
[wp-content/themes/outdor/dist/styles/main_2b479b92.css]
[xmlrpc0db0.php]
[wp-content/themes/outdor/dist/images/logo-outdor-horizontal_c9ed305f.svg]
[wp-content/uploads/2018/06/19150409/0103-PERSONNALITE-LAUREAT.jpg]
[wp-content/uploads/2018/06/19150410/0303-PRESSE-ETRANGERE-LAUREAT.jpg]
[wp-content/uploads/2018/06/19150409/0203-SPORT-LAUREATE.jpg]
[wp-content/uploads/2018/06/19150413/0603-DOCU-LAUREATE.jpg]
[wp-content/uploads/2018/06/19150412/0503-CHAINE-YT-LAUREATE.jpg]
[wp-content/uploads/2018/06/19150411/0403-ENQUETE-REPORTAGE-LAUREAT.jpg]
[wp-content/uploads/2018/06/19150415/0703-COUP-DE-GUEULE-LAUREATE.jpg]
[wp-content/uploads/2018/06/19150416/0803-DESSIN-LAUREATE.jpg]
[wp-content/uploads/2018/06/19150417/0903-REDACTION-ENGAGEE-LAUREATE.jpg]
[wp-content/uploads/2018/06/19150418/1003-CREATION-ARTISTIQUE-LAUREATES.jpg]
[les-laureat·e·s-2018/index.html]
[table-ronde/index.html]
[la-remise-des-prix/index.html]
[wp-content/uploads/2018/05/23162403/VVLD1.jpg]
[wp-content/uploads/2018/05/23162621/mxcordelia.png]
[wp-content/uploads/2018/05/23165507/LezTalk1.jpg]
[wp-content/uploads/2018/05/23165419/LauraBadler1.png]
[wp-content/uploads/2018/05/23162442/BonsoirTino.jpg]
[wp-content/uploads/2018/05/23171714/robin.png]
[wp-content/uploads/2018/05/23171728/giovanna.png]
[wp-content/uploads/2018/05/23175915/mazoyer1.png]
[wp-content/uploads/2018/05/23171800/boursier.png]
[wp-content/uploads/2018/05/23171822/beaulieu_portrait.jpg]
[wp-content/uploads/2018/05/23171939/couteau.jpg]
[wp-content/uploads/2018/05/23172008/aria.jpg]
[wp-content/uploads/2018/05/23172024/phia.jpg]
[wp-content/uploads/2018/05/23172039/fiertes.jpg]
[wp-content/uploads/2018/05/23172053/honore.jpg]
[wp-content/uploads/2018/05/23172108/pretto.jpg]
[wp-content/uploads/2018/05/24004702/ababri.jpg]
[wp-content/uploads/2018/05/23172524/zuttion.jpg]
[wp-content/uploads/2018/05/23172541/leboucher.jpg]
[wp-content/uploads/2018/05/23172559/douru.jpg]
[wp-content/uploads/2018/05/23172617/shyle.png]
[wp-content/uploads/2018/05/23172631/porchep.jpg]
[wp-content/uploads/2018/05/23172648/mandel.jpg]
[wp-content/uploads/2018/05/23192033/lautre-mere.jpg]
[wp-content/uploads/2018/05/23164129/POURQUOINOUSDETESTENTILS.jpg]
[wp-content/uploads/2018/05/23164113/COMINGIN.jpg]
[wp-content/uploads/2018/05/23164022/CHASSE-A-LHOMME-EN-TCHETCHENIE.jpg]
[wp-content/uploads/2018/05/23164008/QUAND-LA-CREATION-RACONTE-LE-SIDA.jpg]
[wp-content/uploads/2018/05/23174507/Homos-en-que¦éte-d_asile-tout-le-monde-n_est-pas-loge¦ü-a¦Ç-la-me¦éme-enseigne-Les-Inrocks-Cr®dit-_-Rebekka-Deubner-pour-Les-Inrockuptibles.jpg]
[wp-content/uploads/2018/05/23174520/L_enfer-des-prisons-e¦ügyptiennes-pour-les-gays-et-trans-Slate.fr-Cr®dit-_-Prison-®gyptienne-image-d_illustration-l-KHALED-DESOUKI-_-AFP.jpg]
[wp-content/uploads/2018/05/23174535/Etre-femme-et-gay-au-Se¦üne¦ügal-les-lesbiennes-cherchent-leur-place-RFI-Cr®dit-_-Getty-Images-_-WOJTEK-RADWANSKI.jpg]
[wp-content/uploads/2018/05/23174550/Vieillir-avec-le-VIH-des-seniors-se¦üropositifs-racontent-leur-quotidien-Le-Monde-Cr®dit-_-STR-_-AFP.jpg]
[wp-content/uploads/2018/05/23175532/A-Nice.jpg]
[wp-content/uploads/2018/05/23174809/Le-malaise-des-patients-LGBTI-chez-le-me¦üdecin-franceinfo.jpg]
[wp-content/uploads/2018/05/23175130/Des-intrus-en-politique.-Femmes-et-minorite¦üs-dominations-et-re¦üsistances-E¦üditions-du-De¦ütour.jpg]
[wp-content/uploads/2018/05/23180207/sans-bordureOO2018personnalités-copie.jpg]
[wp-content/uploads/2018/05/23153507/SHAMS.png]
[wp-content/uploads/2018/05/23153657/OLYMPIC-CHANNEL.jpg]
[wp-content/uploads/2018/05/23153746/MEDUZA.png]
[wp-content/uploads/2018/05/23153327/MARVIA-MALIK1.jpg]
[wp-content/uploads/2018/05/23153614/EL-PAIS.jpg]
[wp-content/uploads/2018/05/23150808/BBC-THE-SOCIAL.jpg]
[wp-content/uploads/2018/05/23172239/rtlgirls.png]
[wp-content/uploads/2018/05/23172253/brut.png]
[wp-content/uploads/2018/05/23172310/rue89heteroclite.png]
[wp-content/uploads/2018/05/23172324/libe.jpg]
[wp-content/uploads/2018/05/23172408/franceinfo.png]
[wp-content/uploads/2018/05/23163111/LEMAIRE.jpg]
[wp-content/uploads/2018/05/23163126/FORGUES.png]
[wp-content/uploads/2018/05/23163138/PICHON.jpg]
[les-categories-recompensees/index.html]
[wp-content/uploads/2018/05/23165752/HANDBALLEUSES1.jpg]
[coming-out/index.html]
[dire-les-choses-clairement-cest-moins-fatigant/index.html]
[pourquoi-les-out-dor/index.html]
[wp-content/uploads/2018/05/13171851/GALA_AJL_2017-1.jpg]
[wp-content/uploads/2018/05/13171851/GALA_AJL_2017-1-300x200.jpg]
[wp-content/uploads/2018/05/13171852/GALA_AJL_2017-2.jpg]
[wp-content/uploads/2018/05/13171852/GALA_AJL_2017-2-300x200.jpg]
[wp-content/uploads/2018/05/13171853/GALA_AJL_2017-3.jpg]
[wp-content/uploads/2018/05/13171853/GALA_AJL_2017-3-300x200.jpg]
[wp-content/uploads/2018/05/13171855/GALA_AJL_2017-4.jpg]
[wp-content/uploads/2018/05/13171855/GALA_AJL_2017-4-300x200.jpg]
[wp-content/uploads/2018/05/13171856/GALA_AJL_2017-5.jpg]
[wp-content/uploads/2018/05/13171856/GALA_AJL_2017-5-300x200.jpg]
[wp-content/uploads/2018/05/13171857/GALA_AJL_2017-6.jpg]
[wp-content/uploads/2018/05/13171857/GALA_AJL_2017-6-300x200.jpg]
[wp-content/uploads/2018/05/13171858/GALA_AJL_2017-7.jpg]
[wp-content/uploads/2018/05/13171858/GALA_AJL_2017-7-300x200.jpg]
[wp-content/uploads/2018/05/13171859/GALA_AJL_2017-8.jpg]
[wp-content/uploads/2018/05/13171859/GALA_AJL_2017-8-300x200.jpg]
[wp-content/uploads/2018/05/13171900/GALA_AJL_2017-9.jpg]
[wp-content/uploads/2018/05/13171900/GALA_AJL_2017-9-300x200.jpg]
[wp-content/uploads/2018/05/13171901/GALA_AJL_2017-10.jpg]
[wp-content/uploads/2018/05/13171901/GALA_AJL_2017-10-300x200.jpg]
[wp-content/uploads/2018/05/13171902/GALA_AJL_2017-11.jpg]
[wp-content/uploads/2018/05/13171902/GALA_AJL_2017-11-300x200.jpg]
[wp-content/uploads/2018/05/13171904/GALA_AJL_2017-12.jpg]
[wp-content/uploads/2018/05/13171904/GALA_AJL_2017-12-300x200.jpg]
[wp-content/uploads/2018/05/13171905/GALA_AJL_2017-13.jpg]
[wp-content/uploads/2018/05/13171905/GALA_AJL_2017-13-300x200.jpg]
[wp-content/uploads/2018/05/13171906/GALA_AJL_2017-14.jpg]
[wp-content/uploads/2018/05/13171906/GALA_AJL_2017-14-300x200.jpg]
[wp-content/uploads/2018/05/13171907/GALA_AJL_2017-15.jpg]
[wp-content/uploads/2018/05/13171907/GALA_AJL_2017-15-300x200.jpg]
[wp-content/uploads/2018/05/13171908/GALA_AJL_2017-16.jpg]
[wp-content/uploads/2018/05/13171908/GALA_AJL_2017-16-300x200.jpg]
[wp-content/uploads/2018/05/13171909/GALA_AJL_2017-17.jpg]
[wp-content/uploads/2018/05/13171909/GALA_AJL_2017-17-200x300.jpg]
[wp-content/uploads/2018/05/13171910/GALA_AJL_2017-18.jpg]
[wp-content/uploads/2018/05/13171910/GALA_AJL_2017-18-300x200.jpg]
[wp-content/uploads/2018/05/13171912/GALA_AJL_2017-19.jpg]
[wp-content/uploads/2018/05/13171912/GALA_AJL_2017-19-200x300.jpg]
[wp-content/uploads/2018/05/13171913/GALA_AJL_2017-20.jpg]
[wp-content/uploads/2018/05/13171913/GALA_AJL_2017-20-300x200.jpg]
[wp-content/uploads/2018/05/13171915/GALA_AJL_2017-21.jpg]
[wp-content/uploads/2018/05/13171915/GALA_AJL_2017-21-200x300.jpg]
[wp-content/uploads/2018/05/13171916/GALA_AJL_2017-22.jpg]
[wp-content/uploads/2018/05/13171916/GALA_AJL_2017-22-300x200.jpg]
[wp-content/uploads/2018/05/13171917/GALA_AJL_2017-23.jpg]
[wp-content/uploads/2018/05/13171917/GALA_AJL_2017-23-200x300.jpg]
[wp-content/uploads/2018/05/13171918/GALA_AJL_2017-24.jpg]
[wp-content/uploads/2018/05/13171918/GALA_AJL_2017-24-300x200.jpg]
[wp-content/uploads/2018/05/13171919/GALA_AJL_2017-25.jpg]
[wp-content/uploads/2018/05/13171919/GALA_AJL_2017-25-300x200.jpg]
[wp-content/uploads/2018/05/13171920/GALA_AJL_2017-26.jpg]
[wp-content/uploads/2018/05/13171920/GALA_AJL_2017-26-300x200.jpg]
[wp-content/uploads/2018/05/13171921/GALA_AJL_2017-27.jpg]
[wp-content/uploads/2018/05/13171921/GALA_AJL_2017-27-300x200.jpg]
[wp-content/uploads/2018/05/13171922/GALA_AJL_2017-28.jpg]
[wp-content/uploads/2018/05/13171922/GALA_AJL_2017-28-300x200.jpg]
[wp-content/uploads/2018/05/13171924/GALA_AJL_2017-31.jpg]
[wp-content/uploads/2018/05/13171924/GALA_AJL_2017-31-300x200.jpg]
[wp-content/uploads/2018/05/13171925/GALA_AJL_2017-32.jpg]
[wp-content/uploads/2018/05/13171925/GALA_AJL_2017-32-300x200.jpg]
[wp-content/uploads/2018/05/13171926/GALA_AJL_2017-33.jpg]
[wp-content/uploads/2018/05/13171926/GALA_AJL_2017-33-300x200.jpg]
[wp-content/uploads/2018/05/13171927/GALA_AJL_2017-34.jpg]
[wp-content/uploads/2018/05/13171927/GALA_AJL_2017-34-300x200.jpg]
[wp-content/uploads/2018/05/13171928/GALA_AJL_2017-35.jpg]
[wp-content/uploads/2018/05/13171928/GALA_AJL_2017-35-300x200.jpg]
[wp-content/uploads/2018/05/13171929/GALA_AJL_2017-36.jpg]
[wp-content/uploads/2018/05/13171929/GALA_AJL_2017-36-300x200.jpg]
[wp-content/uploads/2018/05/13171931/GALA_AJL_2017-37.jpg]
[wp-content/uploads/2018/05/13171931/GALA_AJL_2017-37-300x200.jpg]
[wp-content/plugins/justified-gallery/assets/js/jquery.justifiedGallery.mine7f0.js]
[wp-content/plugins/justified-gallery/includes/Lightbox/Photoswipe/assets/jquery.mousewheel.mine7f0.js]
[wp-content/plugins/justified-gallery/includes/Lightbox/Photoswipe/assets/photoswipe-ui-default.mine7f0.js]
[wp-content/plugins/justified-gallery/includes/Lightbox/Photoswipe/assets/photoswipe.mine7f0.js]
[wp-content/plugins/justified-gallery/includes/Lightbox/Photoswipe/assets/jquery.photoswipe.mine7f0.js]
[edition-2017/index.html]
[les-organisateurs/index.html]
[wp-content/themes/outdor/dist/images/logo-outdor_167c98cc.svg]
[wp-content/plugins/justified-gallery/includes/Lightbox/Swipebox/assets/img/loader.gif]
[wp-content/plugins/justified-gallery/includes/Lightbox/Swipebox/assets/img/icons.png]
[wp-content/plugins/justified-gallery/includes/Lightbox/Swipebox/assets/css/swipebox.mine7f0.css]
[indexfef8.html]
[wp-json/oembed/1.0/embed134f.json]
[wp-json/oembed/1.0/embed1781.json]
[index341b.html]
[wp-json/oembed/1.0/embed7117.json]
[wp-json/oembed/1.0/embeda1f4.json]
[index8cf7.html]
[wp-json/oembed/1.0/embed6d45.json]
[wp-json/oembed/1.0/embed96df.json]
[index9787.html]
[wp-json/oembed/1.0/embed2a8a.json]
[wp-json/oembed/1.0/embed4cd0.json]
[vote/index.html]
[index8fec.html]
[wp-json/oembed/1.0/embeddaa9.json]
[wp-json/oembed/1.0/embedb2f7.json]
[index62bf.html]
[wp-json/oembed/1.0/embed42d1.json]
[wp-json/oembed/1.0/embeddd61.json]
[index5757.html]
[wp-json/oembed/1.0/embed5c32.json]
[wp-json/oembed/1.0/embedc143.json]
[indexe839.html]
[wp-json/oembed/1.0/embed314b.json]
[wp-json/oembed/1.0/embed2dd3.json]
[wp-content/plugins/justified-gallery/assets/css/style.mine7f0.css]
[wp-content/plugins/justified-gallery/includes/Lightbox/Photoswipe/assets/photoswipee7f0.css]
[wp-content/plugins/justified-gallery/includes/Lightbox/Photoswipe/assets/default-skin/default-skin.png]
[wp-content/plugins/justified-gallery/includes/Lightbox/Photoswipe/assets/default-skin/default-skine7f0.css]
[wp-content/plugins/justified-gallery/includes/Lightbox/Photoswipe/assets/default-skin/preloader.gif]
[wp-content/plugins/justified-gallery/includes/TilesStyle/JGStandard/assets/stylee7f0.css]
[index3ba0.html]
[wp-json/oembed/1.0/embed7104.json]
[wp-json/oembed/1.0/embed13c3.json]
[index43b2.html]
[wp-json/oembed/1.0/embed9d3a.json]
[wp-json/oembed/1.0/embed582f.json]
[wp-content/plugins/justified-gallery/includes/Lightbox/Photoswipe/assets/default-skin/default-skin.svg]
